data.aws_caller_identity.current: Reading...
data.aws_caller_identity.current: Read complete after 1s [id=125788629837]

Terraform used the selected providers to generate the following execution
plan. Resource actions are indicated with the following symbols:
  + create
 <= read (data resources)

Terraform will perform the following actions:

  # data.aws_iam_policy_document.kops_state will be read during apply
  # (config refers to values not yet known)
 <= data "aws_iam_policy_document" "kops_state" {
      + id            = (known after apply)
      + json          = (known after apply)
      + minified_json = (known after apply)

      + statement {
          + actions   = [
              + "s3:*",
            ]
          + effect    = "Deny"
          + resources = [
              + (known after apply),
              + (known after apply),
            ]
          + sid       = "DenyInsecureTransport"

          + condition {
              + test     = "Bool"
              + values   = [
                  + "false",
                ]
              + variable = "aws:SecureTransport"
            }

          + principals {
              + identifiers = [
                  + "*",
                ]
              + type        = "*"
            }
        }
    }

  # aws_s3_bucket.kops_state will be created
  + resource "aws_s3_bucket" "kops_state" {
      + acceleration_status         = (known after apply)
      + acl                         = (known after apply)
      + arn                         = (known after apply)
      + bucket                      = "platform-kops-state-eun1-125788629837"
      + bucket_domain_name          = (known after apply)
      + bucket_namespace            = (known after apply)
      + bucket_prefix               = (known after apply)
      + bucket_region               = (known after apply)
      + bucket_regional_domain_name = (known after apply)
      + force_destroy               = false
      + hosted_zone_id              = (known after apply)
      + id                          = (known after apply)
      + object_lock_enabled         = (known after apply)
      + policy                      = (known after apply)
      + region                      = "eu-north-1"
      + request_payer               = (known after apply)
      + tags                        = {
          + "Environment" = "shared"
          + "ManagedBy"   = "terraform"
          + "Name"        = "platform-kops-state-eun1-125788629837"
          + "Owner"       = "viki-ops"
          + "Project"     = "platform"
          + "Purpose"     = "kops-cluster-state"
          + "Stack"       = "infra-live/_bootstrap"
        }
      + tags_all                    = {
          + "Environment" = "shared"
          + "ManagedBy"   = "terraform"
          + "Name"        = "platform-kops-state-eun1-125788629837"
          + "Owner"       = "viki-ops"
          + "Project"     = "platform"
          + "Purpose"     = "kops-cluster-state"
          + "Stack"       = "infra-live/_bootstrap"
        }
      + website_domain              = (known after apply)
      + website_endpoint            = (known after apply)

      + cors_rule (known after apply)

      + grant (known after apply)

      + lifecycle_rule (known after apply)

      + logging (known after apply)

      + object_lock_configuration (known after apply)

      + replication_configuration (known after apply)

      + server_side_encryption_configuration (known after apply)

      + versioning (known after apply)

      + website (known after apply)
    }

  # aws_s3_bucket_ownership_controls.kops_state will be created
  + resource "aws_s3_bucket_ownership_controls" "kops_state" {
      + bucket = (known after apply)
      + id     = (known after apply)
      + region = "eu-north-1"

      + rule {
          + object_ownership = "BucketOwnerEnforced"
        }
    }

  # aws_s3_bucket_policy.kops_state will be created
  + resource "aws_s3_bucket_policy" "kops_state" {
      + bucket = (known after apply)
      + id     = (known after apply)
      + policy = (known after apply)
      + region = "eu-north-1"
    }

  # aws_s3_bucket_public_access_block.kops_state will be created
  + resource "aws_s3_bucket_public_access_block" "kops_state" {
      + block_public_acls       = true
      + block_public_policy     = true
      + bucket                  = (known after apply)
      + id                      = (known after apply)
      + ignore_public_acls      = true
      + region                  = "eu-north-1"
      + restrict_public_buckets = true
    }

  # aws_s3_bucket_server_side_encryption_configuration.kops_state will be created
  + resource "aws_s3_bucket_server_side_encryption_configuration" "kops_state" {
      + bucket = (known after apply)
      + id     = (known after apply)
      + region = "eu-north-1"

      + rule {
          + blocked_encryption_types = (known after apply)
          + bucket_key_enabled       = true

          + apply_server_side_encryption_by_default {
              + kms_master_key_id = (known after apply)
              + sse_algorithm     = "AES256"
            }
        }
    }

  # aws_s3_bucket_versioning.kops_state will be created
  + resource "aws_s3_bucket_versioning" "kops_state" {
      + bucket = (known after apply)
      + id     = (known after apply)
      + region = "eu-north-1"

      + versioning_configuration {
          + mfa_delete = (known after apply)
          + status     = "Enabled"
        }
    }

  # module.state_backend.data.aws_iam_policy_document.state will be read during apply
  # (config refers to values not yet known)
 <= data "aws_iam_policy_document" "state" {
      + id            = (known after apply)
      + json          = (known after apply)
      + minified_json = (known after apply)

      + statement {
          + actions   = [
              + "s3:*",
            ]
          + effect    = "Deny"
          + resources = [
              + (known after apply),
              + (known after apply),
            ]
          + sid       = "DenyInsecureTransport"

          + condition {
              + test     = "Bool"
              + values   = [
                  + "false",
                ]
              + variable = "aws:SecureTransport"
            }

          + principals {
              + identifiers = [
                  + "*",
                ]
              + type        = "*"
            }
        }
    }

  # module.state_backend.aws_dynamodb_table.lock[0] will be created
  + resource "aws_dynamodb_table" "lock" {
      + arn              = (known after apply)
      + billing_mode     = "PAY_PER_REQUEST"
      + hash_key         = "LockID"
      + id               = (known after apply)
      + name             = "platform-tflocks"
      + read_capacity    = (known after apply)
      + region           = "eu-north-1"
      + stream_arn       = (known after apply)
      + stream_label     = (known after apply)
      + stream_view_type = (known after apply)
      + tags             = {
          + "Environment" = "shared"
          + "ManagedBy"   = "terraform"
          + "Module"      = "infra-modules/s3_backend"
          + "Name"        = "platform-tflocks"
          + "Owner"       = "viki-ops"
          + "Project"     = "platform"
          + "Purpose"     = "terraform-remote-state"
          + "Stack"       = "infra-live/_bootstrap"
        }
      + tags_all         = {
          + "Environment" = "shared"
          + "ManagedBy"   = "terraform"
          + "Module"      = "infra-modules/s3_backend"
          + "Name"        = "platform-tflocks"
          + "Owner"       = "viki-ops"
          + "Project"     = "platform"
          + "Purpose"     = "terraform-remote-state"
          + "Stack"       = "infra-live/_bootstrap"
        }
      + write_capacity   = (known after apply)

      + attribute {
          + name = "LockID"
          + type = "S"
        }

      + global_secondary_index (known after apply)

      + global_table_witness (known after apply)

      + point_in_time_recovery {
          + enabled                 = false
          + recovery_period_in_days = (known after apply)
        }

      + server_side_encryption {
          + enabled     = false
          + kms_key_arn = (known after apply)
        }

      + ttl (known after apply)

      + warm_throughput (known after apply)
    }

  # module.state_backend.aws_s3_bucket.state will be created
  + resource "aws_s3_bucket" "state" {
      + acceleration_status         = (known after apply)
      + acl                         = (known after apply)
      + arn                         = (known after apply)
      + bucket                      = "platform-tfstate-eun1-125788629837"
      + bucket_domain_name          = (known after apply)
      + bucket_namespace            = (known after apply)
      + bucket_prefix               = (known after apply)
      + bucket_region               = (known after apply)
      + bucket_regional_domain_name = (known after apply)
      + force_destroy               = false
      + hosted_zone_id              = (known after apply)
      + id                          = (known after apply)
      + object_lock_enabled         = (known after apply)
      + policy                      = (known after apply)
      + region                      = "eu-north-1"
      + request_payer               = (known after apply)
      + tags                        = {
          + "Environment" = "shared"
          + "ManagedBy"   = "terraform"
          + "Module"      = "infra-modules/s3_backend"
          + "Name"        = "platform-tfstate-eun1-125788629837"
          + "Owner"       = "viki-ops"
          + "Project"     = "platform"
          + "Purpose"     = "terraform-remote-state"
          + "Stack"       = "infra-live/_bootstrap"
        }
      + tags_all                    = {
          + "Environment" = "shared"
          + "ManagedBy"   = "terraform"
          + "Module"      = "infra-modules/s3_backend"
          + "Name"        = "platform-tfstate-eun1-125788629837"
          + "Owner"       = "viki-ops"
          + "Project"     = "platform"
          + "Purpose"     = "terraform-remote-state"
          + "Stack"       = "infra-live/_bootstrap"
        }
      + website_domain              = (known after apply)
      + website_endpoint            = (known after apply)

      + cors_rule (known after apply)

      + grant (known after apply)

      + lifecycle_rule (known after apply)

      + logging (known after apply)

      + object_lock_configuration (known after apply)

      + replication_configuration (known after apply)

      + server_side_encryption_configuration (known after apply)

      + versioning (known after apply)

      + website (known after apply)
    }

  # module.state_backend.aws_s3_bucket_lifecycle_configuration.state will be created
  + resource "aws_s3_bucket_lifecycle_configuration" "state" {
      + bucket                                 = (known after apply)
      + expected_bucket_owner                  = (known after apply)
      + id                                     = (known after apply)
      + region                                 = "eu-north-1"
      + transition_default_minimum_object_size = "all_storage_classes_128K"

      + rule {
          + id     = "expire-noncurrent-state-versions"
          + status = "Enabled"
            # (1 unchanged attribute hidden)

          + abort_incomplete_multipart_upload {
              + days_after_initiation = 7
            }

          + filter {
                # (1 unchanged attribute hidden)
            }

          + noncurrent_version_expiration {
              + newer_noncurrent_versions = 10
              + noncurrent_days           = 90
            }
        }
    }

  # module.state_backend.aws_s3_bucket_ownership_controls.state will be created
  + resource "aws_s3_bucket_ownership_controls" "state" {
      + bucket = (known after apply)
      + id     = (known after apply)
      + region = "eu-north-1"

      + rule {
          + object_ownership = "BucketOwnerEnforced"
        }
    }

  # module.state_backend.aws_s3_bucket_policy.state will be created
  + resource "aws_s3_bucket_policy" "state" {
      + bucket = (known after apply)
      + id     = (known after apply)
      + policy = (known after apply)
      + region = "eu-north-1"
    }

  # module.state_backend.aws_s3_bucket_public_access_block.state will be created
  + resource "aws_s3_bucket_public_access_block" "state" {
      + block_public_acls       = true
      + block_public_policy     = true
      + bucket                  = (known after apply)
      + id                      = (known after apply)
      + ignore_public_acls      = true
      + region                  = "eu-north-1"
      + restrict_public_buckets = true
    }

  # module.state_backend.aws_s3_bucket_server_side_encryption_configuration.state will be created
  + resource "aws_s3_bucket_server_side_encryption_configuration" "state" {
      + bucket = (known after apply)
      + id     = (known after apply)
      + region = "eu-north-1"

      + rule {
          + blocked_encryption_types = (known after apply)
          + bucket_key_enabled       = false

          + apply_server_side_encryption_by_default {
              + kms_master_key_id = (known after apply)
              + sse_algorithm     = "AES256"
            }
        }
    }

  # module.state_backend.aws_s3_bucket_versioning.state will be created
  + resource "aws_s3_bucket_versioning" "state" {
      + bucket = (known after apply)
      + id     = (known after apply)
      + region = "eu-north-1"

      + versioning_configuration {
          + mfa_delete = (known after apply)
          + status     = "Enabled"
        }
    }

Plan: 14 to add, 0 to change, 0 to destroy.

Changes to Outputs:
  + kops_state_bucket = (known after apply)
  + kops_state_store  = (known after apply)
  + lock_table_name   = "platform-tflocks"
  + region            = "eu-north-1"
  + state_bucket_name = (known after apply)
module.state_backend.aws_dynamodb_table.lock[0]: Creating...
aws_s3_bucket.kops_state: Creating...
module.state_backend.aws_s3_bucket.state: Creating...
module.state_backend.aws_dynamodb_table.lock[0]: Still creating... [00m10s elapsed]
aws_s3_bucket.kops_state: Still creating... [00m10s elapsed]
module.state_backend.aws_s3_bucket.state: Still creating... [00m10s elapsed]
module.state_backend.aws_s3_bucket.state: Creation complete after 10s [id=platform-tfstate-eun1-125788629837]
aws_s3_bucket.kops_state: Creation complete after 10s [id=platform-kops-state-eun1-125788629837]
module.state_backend.aws_s3_bucket_server_side_encryption_configuration.state: Creating...
module.state_backend.data.aws_iam_policy_document.state: Reading...
data.aws_iam_policy_document.kops_state: Reading...
module.state_backend.data.aws_iam_policy_document.state: Read complete after 0s [id=223206671]
module.state_backend.aws_s3_bucket_public_access_block.state: Creating...
aws_s3_bucket_versioning.kops_state: Creating...
aws_s3_bucket_ownership_controls.kops_state: Creating...
aws_s3_bucket_public_access_block.kops_state: Creating...
data.aws_iam_policy_document.kops_state: Read complete after 0s [id=2780709399]
module.state_backend.aws_s3_bucket_versioning.state: Creating...
module.state_backend.aws_s3_bucket_ownership_controls.state: Creating...
aws_s3_bucket_server_side_encryption_configuration.kops_state: Creating...
module.state_backend.aws_s3_bucket_ownership_controls.state: Creation complete after 2s [id=platform-tfstate-eun1-125788629837]
aws_s3_bucket_ownership_controls.kops_state: Creation complete after 3s [id=platform-kops-state-eun1-125788629837]
aws_s3_bucket_public_access_block.kops_state: Creation complete after 3s [id=platform-kops-state-eun1-125788629837]
module.state_backend.aws_s3_bucket_public_access_block.state: Creation complete after 3s [id=platform-tfstate-eun1-125788629837]
module.state_backend.aws_s3_bucket_server_side_encryption_configuration.state: Creation complete after 3s [id=platform-tfstate-eun1-125788629837]
aws_s3_bucket_policy.kops_state: Creating...
module.state_backend.aws_s3_bucket_policy.state: Creating...
aws_s3_bucket_server_side_encryption_configuration.kops_state: Creation complete after 2s [id=platform-kops-state-eun1-125788629837]
aws_s3_bucket_policy.kops_state: Creation complete after 1s [id=platform-kops-state-eun1-125788629837]
module.state_backend.aws_s3_bucket_policy.state: Creation complete after 1s [id=platform-tfstate-eun1-125788629837]
aws_s3_bucket_versioning.kops_state: Creation complete after 4s [id=platform-kops-state-eun1-125788629837]
module.state_backend.aws_s3_bucket_versioning.state: Creation complete after 4s [id=platform-tfstate-eun1-125788629837]
module.state_backend.aws_s3_bucket_lifecycle_configuration.state: Creating...
module.state_backend.aws_dynamodb_table.lock[0]: Creation complete after 16s [id=platform-tflocks]
module.state_backend.aws_s3_bucket_lifecycle_configuration.state: Still creating... [00m10s elapsed]
module.state_backend.aws_s3_bucket_lifecycle_configuration.state: Still creating... [00m20s elapsed]
module.state_backend.aws_s3_bucket_lifecycle_configuration.state: Still creating... [00m30s elapsed]
module.state_backend.aws_s3_bucket_lifecycle_configuration.state: Still creating... [00m40s elapsed]
module.state_backend.aws_s3_bucket_lifecycle_configuration.state: Still creating... [00m50s elapsed]
module.state_backend.aws_s3_bucket_lifecycle_configuration.state: Still creating... [01m00s elapsed]
module.state_backend.aws_s3_bucket_lifecycle_configuration.state: Creation complete after 1m4s [id=platform-tfstate-eun1-125788629837]

Apply complete! Resources: 14 added, 0 changed, 0 destroyed.

Outputs:

kops_state_bucket = "platform-kops-state-eun1-125788629837"
kops_state_store = "s3://platform-kops-state-eun1-125788629837"
lock_table_name = "platform-tflocks"
region = "eu-north-1"
state_bucket_name = "platform-tfstate-eun1-125788629837"
