
PLAY [Install pinned operator toolchain] ***************************************
Monday 07 September 2026  06:28:43 +0000 (0:00:00.023)       0:00:00.023 ****** 

TASK [Gathering Facts] *********************************************************
ok: [localhost]
Monday 07 September 2026  06:28:45 +0000 (0:00:01.462)       0:00:01.486 ****** 

TASK [Require a 64-bit Linux controller] ***************************************
ok: [localhost] => {
    "changed": false,
    "msg": "All assertions passed"
}
Monday 07 September 2026  06:28:45 +0000 (0:00:00.031)       0:00:01.517 ****** 

TASK [Require the AWS CLI (installed out of band, holds the credentials)] ******
ok: [localhost]
Monday 07 September 2026  06:28:46 +0000 (0:00:01.035)       0:00:02.553 ****** 

TASK [Show AWS CLI version] ****************************************************
ok: [localhost] => {
    "msg": "aws-cli/2.36.40 Python/3.14.6 Linux/5.15.0-168-generic exe/x86_64.ubuntu.22"
}
Monday 07 September 2026  06:28:46 +0000 (0:00:00.028)       0:00:02.581 ****** 

TASK [tools : Ensure install directory exists] *********************************
ok: [localhost]
Monday 07 September 2026  06:28:46 +0000 (0:00:00.353)       0:00:02.934 ****** 

TASK [tools : Create scratch download directory] *******************************
ok: [localhost]
Monday 07 September 2026  06:28:46 +0000 (0:00:00.358)       0:00:03.293 ****** 

TASK [tools : Detect currently installed versions] *****************************
ok: [localhost] => (item=terraform)
ok: [localhost] => (item=kops)
ok: [localhost] => (item=kubectl)
ok: [localhost] => (item=helm)
ok: [localhost] => (item=argocd)
ok: [localhost] => (item=yq)
ok: [localhost] => (item=kubeconform)
ok: [localhost] => (item=tflint)
Monday 07 September 2026  06:28:50 +0000 (0:00:03.359)       0:00:06.652 ****** 

TASK [tools : Build map of installed versions] *********************************
ok: [localhost]
Monday 07 September 2026  06:28:50 +0000 (0:00:00.037)       0:00:06.690 ****** 

TASK [tools : Report toolchain drift] ******************************************
ok: [localhost] => (item=terraform) => {
    "msg": "terraform: installed=1.16.1 desired=1.16.1 (ok)"
}
ok: [localhost] => (item=kops) => {
    "msg": "kops: installed=1.36.2 desired=1.36.2 (ok)"
}
ok: [localhost] => (item=kubectl) => {
    "msg": "kubectl: installed=1.34.10 desired=1.34.10 (ok)"
}
ok: [localhost] => (item=helm) => {
    "msg": "helm: installed=3.21.4 desired=3.21.4 (ok)"
}
ok: [localhost] => (item=argocd) => {
    "msg": "argocd: installed=3.5.2 desired=3.5.2 (ok)"
}
ok: [localhost] => (item=yq) => {
    "msg": "yq: installed=4.53.6 desired=4.53.6 (ok)"
}
ok: [localhost] => (item=kubeconform) => {
    "msg": "kubeconform: installed=0.8.0 desired=0.8.0 (ok)"
}
ok: [localhost] => (item=tflint) => {
    "msg": "tflint: installed=0.64.0 desired=0.64.0 (ok)"
}
Monday 07 September 2026  06:28:50 +0000 (0:00:00.078)       0:00:06.768 ****** 
Monday 07 September 2026  06:28:50 +0000 (0:00:00.056)       0:00:06.825 ****** 
Monday 07 September 2026  06:28:50 +0000 (0:00:00.049)       0:00:06.874 ****** 
Monday 07 September 2026  06:28:50 +0000 (0:00:00.044)       0:00:06.919 ****** 
Monday 07 September 2026  06:28:50 +0000 (0:00:00.042)       0:00:06.962 ****** 

TASK [tools : Remove scratch directory] ****************************************
ok: [localhost]
Monday 07 September 2026  06:28:50 +0000 (0:00:00.233)       0:00:07.195 ****** 

TASK [tools : Re-probe every tool] *********************************************
ok: [localhost] => (item=terraform)
ok: [localhost] => (item=kops)
ok: [localhost] => (item=kubectl)
ok: [localhost] => (item=helm)
ok: [localhost] => (item=argocd)
ok: [localhost] => (item=yq)
ok: [localhost] => (item=kubeconform)
ok: [localhost] => (item=tflint)
Monday 07 September 2026  06:28:53 +0000 (0:00:02.394)       0:00:09.589 ****** 

TASK [tools : Fail if any tool is not at its pinned version] *******************
ok: [localhost] => (item=terraform) => {
    "ansible_loop_var": "item",
    "changed": false,
    "item": [
        {
            "ansible_loop_var": "item",
            "changed": false,
            "cmd": "terraform version -json | jq -r .terraform_version",
            "delta": "0:00:00.087815",
            "end": "2026-09-07 06:28:51.079398",
            "failed": false,
            "invocation": {
                "module_args": {
                    "_raw_params": "terraform version -json | jq -r .terraform_version",
                    "_uses_shell": true,
                    "argv": null,
                    "chdir": null,
                    "creates": null,
                    "executable": "/bin/bash",
                    "expand_argument_vars": true,
                    "removes": null,
                    "stdin": null,
                    "stdin_add_newline": true,
                    "strip_empty_ends": true
                }
            },
            "item": {
                "kind": "zip",
                "name": "terraform",
                "probe": "terraform version -json | jq -r .terraform_version",
                "url": "https://releases.hashicorp.com/terraform/1.16.1/terraform_1.16.1_linux_amd64.zip",
                "version": "1.16.1"
            },
            "msg": "",
            "rc": 0,
            "start": "2026-09-07 06:28:50.991583",
            "stderr": "",
            "stderr_lines": [],
            "stdout": "1.16.1",
            "stdout_lines": [
                "1.16.1"
            ]
        },
        {
            "kind": "zip",
            "name": "terraform",
            "probe": "terraform version -json | jq -r .terraform_version",
            "url": "https://releases.hashicorp.com/terraform/1.16.1/terraform_1.16.1_linux_amd64.zip",
            "version": "1.16.1"
        }
    ],
    "msg": "terraform 1.16.1 verified"
}
ok: [localhost] => (item=kops) => {
    "ansible_loop_var": "item",
    "changed": false,
    "item": [
        {
            "ansible_loop_var": "item",
            "changed": false,
            "cmd": "kops version --short | sed 's/^v//'",
            "delta": "0:00:00.121713",
            "end": "2026-09-07 06:28:51.403243",
            "failed": false,
            "invocation": {
                "module_args": {
                    "_raw_params": "kops version --short | sed 's/^v//'",
                    "_uses_shell": true,
                    "argv": null,
                    "chdir": null,
                    "creates": null,
                    "executable": "/bin/bash",
                    "expand_argument_vars": true,
                    "removes": null,
                    "stdin": null,
                    "stdin_add_newline": true,
                    "strip_empty_ends": true
                }
            },
            "item": {
                "kind": "binary",
                "name": "kops",
                "probe": "kops version --short | sed 's/^v//'",
                "url": "https://github.com/kubernetes/kops/releases/download/v1.36.2/kops-linux-amd64",
                "version": "1.36.2"
            },
            "msg": "",
            "rc": 0,
            "start": "2026-09-07 06:28:51.281530",
            "stderr": "",
            "stderr_lines": [],
            "stdout": "1.36.2",
            "stdout_lines": [
                "1.36.2"
            ]
        },
        {
            "kind": "binary",
            "name": "kops",
            "probe": "kops version --short | sed 's/^v//'",
            "url": "https://github.com/kubernetes/kops/releases/download/v1.36.2/kops-linux-amd64",
            "version": "1.36.2"
        }
    ],
    "msg": "kops 1.36.2 verified"
}
ok: [localhost] => (item=kubectl) => {
    "ansible_loop_var": "item",
    "changed": false,
    "item": [
        {
            "ansible_loop_var": "item",
            "changed": false,
            "cmd": "kubectl version --client -o json | jq -r .clientVersion.gitVersion | sed 's/^v//'",
            "delta": "0:00:00.103535",
            "end": "2026-09-07 06:28:51.735246",
            "failed": false,
            "invocation": {
                "module_args": {
                    "_raw_params": "kubectl version --client -o json | jq -r .clientVersion.gitVersion | sed 's/^v//'",
                    "_uses_shell": true,
                    "argv": null,
                    "chdir": null,
                    "creates": null,
                    "executable": "/bin/bash",
                    "expand_argument_vars": true,
                    "removes": null,
                    "stdin": null,
                    "stdin_add_newline": true,
                    "strip_empty_ends": true
                }
            },
            "item": {
                "kind": "binary",
                "name": "kubectl",
                "probe": "kubectl version --client -o json | jq -r .clientVersion.gitVersion | sed 's/^v//'",
                "url": "https://dl.k8s.io/release/v1.34.10/bin/linux/amd64/kubectl",
                "version": "1.34.10"
            },
            "msg": "",
            "rc": 0,
            "start": "2026-09-07 06:28:51.631711",
            "stderr": "",
            "stderr_lines": [],
            "stdout": "1.34.10",
            "stdout_lines": [
                "1.34.10"
            ]
        },
        {
            "kind": "binary",
            "name": "kubectl",
            "probe": "kubectl version --client -o json | jq -r .clientVersion.gitVersion | sed 's/^v//'",
            "url": "https://dl.k8s.io/release/v1.34.10/bin/linux/amd64/kubectl",
            "version": "1.34.10"
        }
    ],
    "msg": "kubectl 1.34.10 verified"
}
ok: [localhost] => (item=helm) => {
    "ansible_loop_var": "item",
    "changed": false,
    "item": [
        {
            "ansible_loop_var": "item",
            "changed": false,
            "cmd": "helm version --short | sed -E 's/^v([0-9.]+).*/\\1/'",
            "delta": "0:00:00.090703",
            "end": "2026-09-07 06:28:52.046072",
            "failed": false,
            "invocation": {
                "module_args": {
                    "_raw_params": "helm version --short | sed -E 's/^v([0-9.]+).*/\\1/'",
                    "_uses_shell": true,
                    "argv": null,
                    "chdir": null,
                    "creates": null,
                    "executable": "/bin/bash",
                    "expand_argument_vars": true,
                    "removes": null,
                    "stdin": null,
                    "stdin_add_newline": true,
                    "strip_empty_ends": true
                }
            },
            "item": {
                "archive_path": "linux-amd64/helm",
                "kind": "tar",
                "name": "helm",
                "probe": "helm version --short | sed -E 's/^v([0-9.]+).*/\\1/'",
                "url": "https://get.helm.sh/helm-v3.21.4-linux-amd64.tar.gz",
                "version": "3.21.4"
            },
            "msg": "",
            "rc": 0,
            "start": "2026-09-07 06:28:51.955369",
            "stderr": "",
            "stderr_lines": [],
            "stdout": "3.21.4",
            "stdout_lines": [
                "3.21.4"
            ]
        },
        {
            "archive_path": "linux-amd64/helm",
            "kind": "tar",
            "name": "helm",
            "probe": "helm version --short | sed -E 's/^v([0-9.]+).*/\\1/'",
            "url": "https://get.helm.sh/helm-v3.21.4-linux-amd64.tar.gz",
            "version": "3.21.4"
        }
    ],
    "msg": "helm 3.21.4 verified"
}
ok: [localhost] => (item=argocd) => {
    "ansible_loop_var": "item",
    "changed": false,
    "item": [
        {
            "ansible_loop_var": "item",
            "changed": false,
            "cmd": "argocd version --client --short | head -1 | sed -E 's/^argocd: v?([0-9.]+).*/\\1/'",
            "delta": "0:00:00.179572",
            "end": "2026-09-07 06:28:52.401361",
            "failed": false,
            "invocation": {
                "module_args": {
                    "_raw_params": "argocd version --client --short | head -1 | sed -E 's/^argocd: v?([0-9.]+).*/\\1/'",
                    "_uses_shell": true,
                    "argv": null,
                    "chdir": null,
                    "creates": null,
                    "executable": "/bin/bash",
                    "expand_argument_vars": true,
                    "removes": null,
                    "stdin": null,
                    "stdin_add_newline": true,
                    "strip_empty_ends": true
                }
            },
            "item": {
                "kind": "binary",
                "name": "argocd",
                "probe": "argocd version --client --short | head -1 | sed -E 's/^argocd: v?([0-9.]+).*/\\1/'",
                "url": "https://github.com/argoproj/argo-cd/releases/download/v3.5.2/argocd-linux-amd64",
                "version": "3.5.2"
            },
            "msg": "",
            "rc": 0,
            "start": "2026-09-07 06:28:52.221789",
            "stderr": "",
            "stderr_lines": [],
            "stdout": "3.5.2",
            "stdout_lines": [
                "3.5.2"
            ]
        },
        {
            "kind": "binary",
            "name": "argocd",
            "probe": "argocd version --client --short | head -1 | sed -E 's/^argocd: v?([0-9.]+).*/\\1/'",
            "url": "https://github.com/argoproj/argo-cd/releases/download/v3.5.2/argocd-linux-amd64",
            "version": "3.5.2"
        }
    ],
    "msg": "argocd 3.5.2 verified"
}
ok: [localhost] => (item=yq) => {
    "ansible_loop_var": "item",
    "changed": false,
    "item": [
        {
            "ansible_loop_var": "item",
            "changed": false,
            "cmd": "yq --version | sed -E 's/.* v?([0-9.]+)$/\\1/'",
            "delta": "0:00:00.020877",
            "end": "2026-09-07 06:28:52.617145",
            "failed": false,
            "invocation": {
                "module_args": {
                    "_raw_params": "yq --version | sed -E 's/.* v?([0-9.]+)$/\\1/'",
                    "_uses_shell": true,
                    "argv": null,
                    "chdir": null,
                    "creates": null,
                    "executable": "/bin/bash",
                    "expand_argument_vars": true,
                    "removes": null,
                    "stdin": null,
                    "stdin_add_newline": true,
                    "strip_empty_ends": true
                }
            },
            "item": {
                "kind": "binary",
                "name": "yq",
                "probe": "yq --version | sed -E 's/.* v?([0-9.]+)$/\\1/'",
                "url": "https://github.com/mikefarah/yq/releases/download/v4.53.6/yq_linux_amd64",
                "version": "4.53.6"
            },
            "msg": "",
            "rc": 0,
            "start": "2026-09-07 06:28:52.596268",
            "stderr": "",
            "stderr_lines": [],
            "stdout": "4.53.6",
            "stdout_lines": [
                "4.53.6"
            ]
        },
        {
            "kind": "binary",
            "name": "yq",
            "probe": "yq --version | sed -E 's/.* v?([0-9.]+)$/\\1/'",
            "url": "https://github.com/mikefarah/yq/releases/download/v4.53.6/yq_linux_amd64",
            "version": "4.53.6"
        }
    ],
    "msg": "yq 4.53.6 verified"
}
ok: [localhost] => (item=kubeconform) => {
    "ansible_loop_var": "item",
    "changed": false,
    "item": [
        {
            "ansible_loop_var": "item",
            "changed": false,
            "cmd": "kubeconform -v | sed 's/^v//'",
            "delta": "0:00:00.020772",
            "end": "2026-09-07 06:28:52.832574",
            "failed": false,
            "invocation": {
                "module_args": {
                    "_raw_params": "kubeconform -v | sed 's/^v//'",
                    "_uses_shell": true,
                    "argv": null,
                    "chdir": null,
                    "creates": null,
                    "executable": "/bin/bash",
                    "expand_argument_vars": true,
                    "removes": null,
                    "stdin": null,
                    "stdin_add_newline": true,
                    "strip_empty_ends": true
                }
            },
            "item": {
                "archive_path": "kubeconform",
                "kind": "tar",
                "name": "kubeconform",
                "probe": "kubeconform -v | sed 's/^v//'",
                "url": "https://github.com/yannh/kubeconform/releases/download/v0.8.0/kubeconform-linux-amd64.tar.gz",
                "version": "0.8.0"
            },
            "msg": "",
            "rc": 0,
            "start": "2026-09-07 06:28:52.811802",
            "stderr": "",
            "stderr_lines": [],
            "stdout": "0.8.0",
            "stdout_lines": [
                "0.8.0"
            ]
        },
        {
            "archive_path": "kubeconform",
            "kind": "tar",
            "name": "kubeconform",
            "probe": "kubeconform -v | sed 's/^v//'",
            "url": "https://github.com/yannh/kubeconform/releases/download/v0.8.0/kubeconform-linux-amd64.tar.gz",
            "version": "0.8.0"
        }
    ],
    "msg": "kubeconform 0.8.0 verified"
}
ok: [localhost] => (item=tflint) => {
    "ansible_loop_var": "item",
    "changed": false,
    "item": [
        {
            "ansible_loop_var": "item",
            "changed": false,
            "cmd": "tflint --version | head -1 | sed -E 's/.*version ([0-9.]+).*/\\1/'",
            "delta": "0:00:00.118208",
            "end": "2026-09-07 06:28:53.160746",
            "failed": false,
            "invocation": {
                "module_args": {
                    "_raw_params": "tflint --version | head -1 | sed -E 's/.*version ([0-9.]+).*/\\1/'",
                    "_uses_shell": true,
                    "argv": null,
                    "chdir": null,
                    "creates": null,
                    "executable": "/bin/bash",
                    "expand_argument_vars": true,
                    "removes": null,
                    "stdin": null,
                    "stdin_add_newline": true,
                    "strip_empty_ends": true
                }
            },
            "item": {
                "kind": "zip",
                "name": "tflint",
                "probe": "tflint --version | head -1 | sed -E 's/.*version ([0-9.]+).*/\\1/'",
                "url": "https://github.com/terraform-linters/tflint/releases/download/v0.64.0/tflint_linux_amd64.zip",
                "version": "0.64.0"
            },
            "msg": "",
            "rc": 0,
            "start": "2026-09-07 06:28:53.042538",
            "stderr": "",
            "stderr_lines": [],
            "stdout": "0.64.0",
            "stdout_lines": [
                "0.64.0"
            ]
        },
        {
            "kind": "zip",
            "name": "tflint",
            "probe": "tflint --version | head -1 | sed -E 's/.*version ([0-9.]+).*/\\1/'",
            "url": "https://github.com/terraform-linters/tflint/releases/download/v0.64.0/tflint_linux_amd64.zip",
            "version": "0.64.0"
        }
    ],
    "msg": "tflint 0.64.0 verified"
}
Monday 07 September 2026  06:28:53 +0000 (0:00:00.098)       0:00:09.688 ****** 

TASK [tools : Toolchain summary] ***********************************************
ok: [localhost] => {
    "msg": [
        "terraform 1.16.1",
        "kops 1.36.2",
        "kubectl 1.34.10",
        "helm 3.21.4",
        "argocd 3.5.2",
        "yq 4.53.6",
        "kubeconform 0.8.0",
        "tflint 0.64.0"
    ]
}
Monday 07 September 2026  06:28:53 +0000 (0:00:00.050)       0:00:09.739 ****** 

TASK [Confirm AWS credentials resolve to the expected account] *****************
ok: [localhost]
Monday 07 September 2026  06:28:55 +0000 (0:00:01.911)       0:00:11.650 ****** 

TASK [Assert AWS account] ******************************************************
ok: [localhost] => {
    "changed": false,
    "msg": "Authenticated to AWS account 125788629837 as arn:aws:iam::125788629837:user/vignesh.p.work@gmail.com"
}

PLAY RECAP *********************************************************************
localhost                  : ok=15   changed=0    unreachable=0    failed=0    skipped=4    rescued=0    ignored=0   


TASKS RECAP ********************************************************************
Monday 07 September 2026  06:28:55 +0000 (0:00:00.022)       0:00:11.673 ****** 
=============================================================================== 
tools : Detect currently installed versions ----------------------------- 3.36s
tools : Re-probe every tool --------------------------------------------- 2.39s
Confirm AWS credentials resolve to the expected account ----------------- 1.91s
Gathering Facts --------------------------------------------------------- 1.46s
Require the AWS CLI (installed out of band, holds the credentials) ------ 1.04s
tools : Create scratch download directory ------------------------------- 0.36s
tools : Ensure install directory exists --------------------------------- 0.35s
tools : Remove scratch directory ---------------------------------------- 0.23s
tools : Fail if any tool is not at its pinned version ------------------- 0.10s
tools : Report toolchain drift ------------------------------------------ 0.08s
tools : Install single-binary tools ------------------------------------- 0.06s
tools : Toolchain summary ----------------------------------------------- 0.05s
tools : Install zip-packaged tools -------------------------------------- 0.05s
tools : Extract tarball-packaged tools ---------------------------------- 0.04s
tools : Place tarball binaries on PATH ---------------------------------- 0.04s
tools : Build map of installed versions --------------------------------- 0.04s
Require a 64-bit Linux controller --------------------------------------- 0.03s
Show AWS CLI version ---------------------------------------------------- 0.03s
Assert AWS account ------------------------------------------------------ 0.02s
